// Jest Snapshot v1, https://goo.gl/fbAQLP

exports[`editor_weka/components/suggestion/User.vue Checks snapshot 1`] = `
<div
  class="tui-editorWeka-user"
  style="left: 1px; top: 1px;"
>
  <div
    class="tui-dropdown tui-dropdown--open"
  >
    <!---->
     
    <div
      aria-labelledby="something-trigger"
      aria-orientation="vertical"
      class="tui-dropdown__menu"
      role="menu"
    >
      <div
        class="tui-dropdown__content tui-dropdown__content--separator"
      >
        <span
          class="sr-only"
        >
          
      matching_users, editor_weka:
    
        </span>
         
      </div>
    </div>
  </div>
</div>
`;
