// Jest Snapshot v1, https://goo.gl/fbAQLP

exports[`totara_engage/components/card/BaseCard.vue Checks snapshot 1`] = `
<article
  class="tui-engageBaseCard"
>
  <corecard-stub
    class="tui-engageBaseCard__card"
    clickable="true"
  >
    <div
      class="tui-engageBaseCard__headerImage"
    />
     
    <div
      class="tui-engageBaseCard__description"
    >
      <div />
       
      <div
        class="tui-engageBaseCard__infoContent"
      />
       
      <div />
    </div>
  </corecard-stub>
   
  <!---->
</article>
`;
