// Jest Snapshot v1, https://goo.gl/fbAQLP

exports[`engage_article/components/card/ArticleCardImage.vue Checks snapshot 1`] = `
<div
  class="tui-engageArticleImage"
>
  <img
    alt="[image_alt, engage_article - Hello world ]"
    class="tui-engageArticleImage__img"
    src="http://example.com/image.png"
  />
</div>
`;
