// Jest Snapshot v1, https://goo.gl/fbAQLP

exports[`totara_comment/components/card/ReplyCard.vue Checks snapshot 1`] = `
<div
  class="tui-replyCard"
>
  <div
    class="tui-replyCard__profilePicture"
  />
   
  <div
    class="tui-replyCard__body"
  >
    <div
      class="tui-replyCard__body__header"
    />
     
    <div
      class="tui-replyCard__body__content"
    />
     
    <div
      class="tui-replyCard__body__footer"
    />
  </div>
</div>
`;
