// Jest Snapshot v1, https://goo.gl/fbAQLP

exports[`totara_playlist/components/sidepanel/PlaylistSummary Checks snapshot 1`] = `
<div
  class="tui-playlistSummary"
>
  <div
    class="tui-inlineEditing tui-inlineEditing--fullWidth"
  >
    <div
      class="tui-playlistSummary__placeholder"
    >
      
      [[adddescription, totara_playlist]]
    
    </div>
     
    <button
      aria-label="[[adddescription, totara_playlist]]"
      class="tui-iconBtn tui-inlineEditing__btn tui-iconBtn--small tui-iconBtn--transparent"
      style="display: none;"
      title="[[adddescription, totara_playlist]]"
      type="button"
    >
      <span
        class="tui-iconBtn__wrap"
      >
        <span
          class="tui-iconBtn__label"
        >
          <span
            aria-hidden="true"
            class="tui-iconBtn__icon"
          >
            <svg
              class="tui-svgIcon tui-svgIcon--size-200"
              fill="currentColor"
              focusable="false"
              height="1em"
              role="presentation"
              width="1em"
              xmlns="http://www.w3.org/2000/svg"
              xmlns:xlink="http://www.w3.org/1999/xlink"
            />
          </span>
           
          <!---->
        </span>
         
        <!---->
      </span>
    </button>
  </div>
</div>
`;
