// Jest Snapshot v1, https://goo.gl/fbAQLP

exports[`presentation/form/InputHidden.vue Checks snapshot has not changed 1`] = `
<input-stub
  autocomplete="on"
  disabled="true"
  id="inputid"
  name="hiddeninput"
  readonly="true"
  styleclass="[object Object]"
  type="hidden"
  value="hidden value"
/>
`;
