// Jest Snapshot v1, https://goo.gl/fbAQLP

exports[`presentation/util/PropsProvider.vue passes props and events to direct children 1`] = `
<div>
  <p>
    1, 1001
    <span>
      j: undefined
    </span>
  </p>
  hi
  <p>
    2, 1002
    <span>
      j: undefined
    </span>
  </p>
  <p>
    3, 3
    <span>
      j: undefined
    </span>
  </p>
</div>
`;
