// Jest Snapshot v1, https://goo.gl/fbAQLP

exports[`Dropdown render correctly 1`] = `
<div class="tui-dropdown">
  <!---->
  <div aria-hidden="true" aria-labelledby="id-trigger" aria-orientation="vertical" role="menu" class="tui-dropdown__menu" style="display: none;">
    <div class="tui-dropdown__content tui-dropdown__content--separator"></div>
  </div>
</div>
`;
