// Jest Snapshot v1, https://goo.gl/fbAQLP

exports[`HeaderBox.vue matches snapshot 1`] = `
<section
  class="tui-playlistPageHeaderBox"
>
  <div
    class="tui-inlineEditing tui-playlistPageHeaderBox__titleBox"
  >
    <h1
      class="tui-playlistPageHeaderBox__title"
    >
      
      Hello world
    
    </h1>
     
    <button
      aria-label="edit_playlist_title,totara_playlist"
      class="tui-iconBtn tui-inlineEditing__btn tui-iconBtn--small tui-iconBtn--transparent"
      style="display: none;"
      title="edit_playlist_title,totara_playlist"
      type="button"
    >
      <span
        class="tui-iconBtn__wrap"
      >
        <span
          class="tui-iconBtn__label"
        >
          <span
            aria-hidden="true"
            class="tui-iconBtn__icon"
          >
            <span
              class=""
            />
          </span>
           
          <!---->
        </span>
         
        <!---->
         
        <!---->
      </span>
    </button>
  </div>
</section>
`;
