// Jest Snapshot v1, https://goo.gl/fbAQLP

exports[`presentation/form/FormRow.vue Checks snapshot 1`] = `
<div
  class="tui-formRow"
>
  <div
    class="tui-formRow__desc"
  >
    <!---->
     
    <!---->
  </div>
   
  <fieldcontextprovider-stub
    id="example"
    labelid="idlabel"
  >
    <div
      class="tui-formRow__action"
    />
  </fieldcontextprovider-stub>
</div>
`;
