// Jest Snapshot v1, https://goo.gl/fbAQLP

exports[`presentation/form/HelpIcon.vue Checks snapshot 1`] = `
<div
  class="tui-formHelpIcon"
>
  <popover-stub
    position="right"
    triggers="click"
  >
     help text
  </popover-stub>
   
  <div
    class="tui-formHelpIcon__desc"
    id="example"
  >
    help text
  </div>
</div>
`;
