// Jest Snapshot v1, https://goo.gl/fbAQLP

exports[`InputColor Checks snapshot has not changed 1`] = `
<div
  class="tui-colorPicker__group"
>
  <div
    class="tui-colorPicker__colorBlock tui-colorPicker__colorBlock--disabled"
    style="background-color: rgb(255, 0, 0);"
  />
   
  <input-stub
    class="tui-colorPicker__picker"
    disabled="true"
    readonly="true"
    styleclass="[object Object]"
    tabindex="-1"
    type="color"
    value="#FF0000"
  />
   
  <input-stub
    ariadescribedby="#ariaDescription"
    arialabel="aria label"
    arialabelledby="#ariaLabel"
    class="tui-colorPicker__input"
    disabled="true"
    id="inputid"
    maxlength="7"
    name="colorinput"
    readonly="true"
    required="true"
    styleclass="[object Object]"
    type="text"
    value="red"
  />
</div>
`;
