// Jest Snapshot v1, https://goo.gl/fbAQLP

exports[`engage_article/components/content/ArticleContent.vue Checks snapshot 1`] = `
<div class="tui-articleContent">
  <inlineediting-stub buttonarialabel="[edit-moodle]" fullwidth="true" updateable="true">
    <div class="tui-articleContent__content"></div>
  </inlineediting-stub>
  <!---->
</div>
`;
