// Jest Snapshot v1, https://goo.gl/fbAQLP

exports[`Modal checks snapshot 1`] = `
<div
  class="tui-modal tui-modal--animated tui-modal--shade tui-modal--size-normal"
  role="dialog"
  tabindex="-1"
  title="Title"
>
  <!---->
   
  <div
    class="tui-modal__pad"
  >
    <div
      class="tui-modal__inner"
    >
      <!---->
       
      <propsprovider-stub
        provide="function () { [native code] }"
      >
        content
      </propsprovider-stub>
    </div>
  </div>
</div>
`;
