// Jest Snapshot v1, https://goo.gl/fbAQLP

exports[`editor_weka/components/suggestion/User.vue Checks snapshot 1`] = `
<div
  class="tui-wekaUserSuggestions"
  style="left: 1px; top: 1px;"
>
  <dropdown-stub
    animation="default"
    canclose="true"
    closeonclick="true"
    inlinemenu="true"
    position="bottom-left"
    role="menu"
    separator="true"
  >
    <span
      class="sr-only"
    >
      
      [[matching_users, editor_weka]]:
    
    </span>
     
    <!---->
     
  </dropdown-stub>
</div>
`;
