// Jest Snapshot v1, https://goo.gl/fbAQLP

exports[`totara_comment/components/action/CommentAction.vue Checks snapshot 1`] = `
<div
  class="tui-commentAction"
>
  <simplelike-stub
    area="comment"
    buttonarialabel="removelikeforcomment-totara_comment"
    component="totara_comment"
    instanceid="5"
    liked="true"
    totallikes="100"
  />
   
  <div
    class="tui-commentAction__replyBox"
  >
    <replybuttonicon-stub
      small="true"
      transparent="true"
    />
     
    <span
      class="tui-commentAction__replyBox-text tui-commentAction__replyBox-text--small"
    >
      
      bracketnumber-totara_comment
    
    </span>
  </div>
</div>
`;
