// Jest Snapshot v1, https://goo.gl/fbAQLP

exports[`PercentageDoughnut renders correctly 1`] = `
<div>
  <div
    class="tui-chartJs__header"
    title="I am a big percentage doughnut"
  >
    
    I am a big percentage doughnut
  
  </div>
   
  <canvas
    aria-label="75%"
    class="chartjs-render-monitor"
    height="0"
    role="img"
    style="display: block;"
    width="0"
  >
    <p>
      75%
    </p>
  </canvas>
</div>
`;