// Jest Snapshot v1, https://goo.gl/fbAQLP

exports[`presentation/form/FormRowActionButtons.vue Checks snapshot 1`] = `
<div
  class="tui-formRow"
  id="example"
>
  <div
    class="tui-formRow__desc"
  >
    <!---->
     
    <!---->
  </div>
   
  <div
    class="tui-formRow__action"
  >
    <div
      class="tui-formBtnGroup"
    >
      <buttonsubmit-stub />
       
      <buttoncancel-stub />
    </div>
  </div>
</div>
`;
