// Jest Snapshot v1, https://goo.gl/fbAQLP

exports[`presentation/datatable/SelectVisibleRowsCell.vue Checks snapshot 1`] = `
<div
  class="tui-dataTableSelectVisibleRowsCell"
  role="cell"
  selectallrows="select all rows"
>
  <checkbox-stub
    arialabel="5"
    id="id"
  />
   
  <span
    class="tui-dataTableCell__label"
  >
    
    5
  
  </span>
</div>
`;
