// Jest Snapshot v1, https://goo.gl/fbAQLP

exports[`engage_survey/components/card/SurveyCard.vue Checks snapshot 1`] = `
<div
  class="tui-surveyCard"
>
  <corecard-stub
    class="tui-surveyCard__cardContent tui-surveyCard__cardContent__height"
  >
    <div
      class="tui-surveyCard__cardContent__inner"
    >
      <div
        class="tui-surveyCard__cardContent__inner__header"
      >
        <section
          class="tui-surveyCard__cardContent__inner__header__image"
        >
          <img
            alt="sss"
          />
           
          <h3
            class="tui-surveyCard__cardContent__inner__header__title"
          >
            
            survey, engage_survey
          
          </h3>
        </section>
         
        <bookmarkbutton-stub
          class="tui-surveyCard__cardContent__inner__header__bookmark"
          size="300"
          small="true"
          transparent="true"
        />
      </div>
       
      <surveycardbody-stub
        access="PRIVATE"
        labelid="survey-1"
        name="sss"
        questions="[object Object]"
        resourceid="42"
        url=""
      />
    </div>
  </corecard-stub>
   
  <!---->
</div>
`;
