// Jest Snapshot v1, https://goo.gl/fbAQLP

exports[`collapsible matches snapshot 1`] = `
<div
  class="tui-collapsible"
>
  <div
    class="tui-collapsible__header"
  >
    <buttonicon-stub
      aria-controls="idundefinedregion"
      ariaexpanded="true"
      arialabel="hello"
      class="tui-collapsible__header_icons"
      styleclass="[object Object]"
      type="button"
    >
      <collapseicon-stub
        size="100"
      />
    </buttonicon-stub>
     
    <h3
      class="tui-collapsible__header-text"
      id="idundefinedlabel"
    >
      
      hello
      
    </h3>
     
    <div
      class="tui-collapsible__header-sideContent"
    />
  </div>
   
  <div
    aria-labelledby="idundefinedlabel"
    class="tui-collapsible__content"
    id="idundefinedregion"
    role="region"
  >
    <div
      class="test-action"
    >
      hello
    </div>
  </div>
</div>
`;
