// Jest Snapshot v1, https://goo.gl/fbAQLP

exports[`PositionAdder should check snapshot 1`] = `
<div
  aria-labelledby="id-adder"
  class="tui-modal tui-modal--animated tui-hierarchicalAdder tui-modal--shade tui-modal--size-large"
  role="dialog"
  tabindex="-1"
>
  <!---->
   
  <div
    class="tui-modal__pad"
  >
    <div
      class="tui-modal__inner"
    >
      <!---->
       
      <div
        class="tui-modalContent"
      >
        <div
          class="tui-modalContent__header"
        >
          <div
            class="tui-modalContent__header-title"
            id="id-adder"
          >
            
      [[select_position, totara_core]]
      
          </div>
           
          <!---->
        </div>
         
        <div
          class="tui-modalContent__content"
        >
          <div
            class="tui-adder"
          >
            <div
              class="tui-adder__tabs"
            >
              <div
                aria-orientation="horizontal"
                class="tui-tabs tui-tabs--horizontal"
              >
                <ul
                  class="tui-tabs__tabs"
                  role="tablist"
                >
                  <li
                    class="tui-tabs__tab tui-tabs__tab--active tui-tabs__tab--small"
                    role="presentation"
                  >
                    <a
                      aria-controls="tabpanel-id-0"
                      aria-selected="true"
                      class="tui-tabs__link"
                      href="#"
                      id="tab-id-0"
                      role="tab"
                    >
                      <span
                        class="tui-tabs__tabLabel"
                      >
                        [[adder_browse, totara_core]]
                      </span>
                    </a>
                  </li>
                  <li
                    class="tui-tabs__tab tui-tabs__tab--small"
                    role="presentation"
                  >
                    <a
                      class="tui-tabs__link"
                      href="#"
                      id="tab-id-1"
                      role="tab"
                      tabindex="-1"
                    >
                      <span
                        class="tui-tabs__tabLabel"
                      >
                        [[adder_selection, totara_core]]
                      </span>
                    </a>
                  </li>
                   
                  <!---->
                </ul>
                 
                <div
                  class="tui-tabs__panels"
                >
                  <div
                    aria-labelledby="tab-id-0"
                    class="tui-tabContent"
                    id="tabpanel-id-0"
                    role="tabpanel"
                  >
                    <div
                      class="tui-adder__filters"
                    >
                      <filterbar-stub
                        title="[[filter_position, totara_core]]"
                      />
                    </div>
                     
                    <div
                      class="tui-loader"
                    >
                      <!---->
                       
                      <div
                        class="tui-adder__preList"
                      />
                       
                      <div
                        class="tui-adder__list"
                      >
                        <div
                          class="tui-dataSelectTable"
                        >
                          <div>
                            
  [[noitems, totara_core]]

                          </div>
                        </div>
                         
                        <!---->
                      </div>
                       
                      <!---->
                    </div>
                  </div>
                   
                  <!---->
                </div>
              </div>
            </div>
             
            <div
              class="tui-adder__footer"
            >
              <div
                aria-atomic="true"
                aria-live="polite"
                class="tui-adder__summary"
                id="id-items-added"
              >
                
              [[itemsselected, totara_core]]
            
              </div>
               
              <div
                class="tui-adder__actions"
              >
                <div
                  class="tui-formBtnGroup"
                >
                  <button
                    aria-describedby="id-items-added"
                    class="tui-formBtn tui-formBtn--prim"
                    disabled="disabled"
                    type="button"
                  >
                    
  [[add, totara_core]]
  
                    <!---->
                     
                    <!---->
                  </button>
                   
                  <button
                    class="tui-formBtn"
                    type="button"
                  >
                    
  [[cancel, core]]
  
                    <!---->
                     
                    <!---->
                  </button>
                </div>
              </div>
            </div>
          </div>
        </div>
         
        <!---->
      </div>
    </div>
  </div>
</div>
`;
