// Jest Snapshot v1, https://goo.gl/fbAQLP

exports[`ToggleSet Checks snapshot 1`] = `
<button
  aria-label="label text"
  class="tui-iconBtn tui-iconBtn--small tui-iconBtn--toggle"
  title="label text"
  type="button"
>
  <span
    class="tui-iconBtn__wrap"
  >
    <span
      class="tui-iconBtn__label"
    >
      <span
        aria-hidden="true"
        class="tui-iconBtn__icon"
      />
       
      <!---->
    </span>
     
    <!---->
  </span>
</button>
`;
