// Jest Snapshot v1, https://goo.gl/fbAQLP

exports[`presentation/datatable/Table.vue Checks snapshot 1`] = `
<div
  class="tui-dataTable"
  role="table"
>
  <headerrow-stub
    empty="true"
  >
    <!---->
     
  </headerrow-stub>
   
  <!---->
   
  <!---->
   
  <rowgroup-stub>
    <row-stub>
      <!---->
       
    </row-stub>
     
    <!---->
    <row-stub>
      <!---->
       
    </row-stub>
     
    <!---->
    <row-stub>
      <!---->
       
    </row-stub>
     
    <!---->
    <row-stub>
      <!---->
       
    </row-stub>
     
    <!---->
     
    <!---->
  </rowgroup-stub>
   
  <!---->
</div>
`;

exports[`presentation/datatable/Table.vue Checks snapshot with no row data supplied 1`] = `
<div>
  
  No items to display

</div>
`;
