// Jest Snapshot v1, https://goo.gl/fbAQLP

exports[`totara_comment/components/box/CommentBox.vue Checks snapshot 1`] = `
<div
  class="tui-commentBox"
>
  <commentthread-stub
    area="comment"
    class="tui-commentBox__comments"
    component="totara_comment"
    editor="[object Object]"
    instanceid="15"
    size="small"
  />
   
  <commentform-stub
    class="tui-commentBox__commentForm"
    editor="[object Object]"
    size="small"
    submitbuttontext="post-totara_comment"
  />
</div>
`;
