// Jest Snapshot v1, https://goo.gl/fbAQLP

exports[`engage_article/components/content/ArticleContent.vue Checks snapshot 1`] = `
<div class="tui-engageArticleContent">
  <inlineediting-stub buttonarialabel="[editarticlecontent-engage_article]" fullwidth="true" restrictedmode="true" updateable="true">
    <div class="tui-engageArticleContent__content"></div>
  </inlineediting-stub>
  <!---->
</div>
`;
